{"level":"info","message":"Database is connected successfully"}
{"level":"info","message":"Example app listening on port 5000"}
{"level":"info","message":"Database is connected successfully"}
{"level":"info","message":"Example app listening on port 5000"}
{"level":"info","message":"Database is connected successfully"}
{"level":"info","message":"Example app listening on port 5000"}
{"level":"info","message":"Database is connected successfully"}
{"level":"info","message":"Example app listening on port 5000"}
{"level":"info","message":"Database is connected successfully"}
{"level":"info","message":"Example app listening on port 5000"}
{"level":"info","message":"Database is connected successfully"}
{"level":"info","message":"Example app listening on port 5000"}
2025-12-22T13:00:41.247Z [right meow!] info: Database is connected successfully
2025-12-22T13:00:41.268Z [right meow!] info: Example app listening on port 5000
2025-12-22T13:01:49.118Z [logger!] info: Database is connected successfully
2025-12-22T13:01:49.123Z [logger!] info: Example app listening on port 5000
2025-12-22T13:02:51.175Z [logger!] info: Database is connected successfully
2025-12-22T13:02:51.180Z [logger!] info: Example app listening on port 5000
undefined [logger!] info: Database is connected successfully
undefined [logger!] info: Example app listening on port 5000
undefined [logger!] info: Database is connected successfully
undefined [logger!] info: Example app listening on port 5000
undefined [logger!] info: Database is connected successfully
undefined [logger!] info: Example app listening on port 5000
2025-12-22T13:04:38.626Z [logger!] info: Database is connected successfully
2025-12-22T13:04:38.631Z [logger!] info: Example app listening on port 5000
2025-12-22T13:05:49.357Z [logger!] info: Database is connected successfully
2025-12-22T13:05:49.362Z [logger!] info: Example app listening on port 5000
2025-12-22T13:35:42.916Z [logger!] info: Database is connected successfully
2025-12-22T13:35:42.933Z [logger!] info: Example app listening on port 5000
2025-12-22T13:35:52.572Z [logger!] info: Database is connected successfully
2025-12-22T13:35:52.577Z [logger!] info: Example app listening on port 5000
2025-12-22T13:36:20.676Z [logger!] info: Database is connected successfully
2025-12-22T13:36:20.686Z [logger!] info: Example app listening on port 5000
2025-12-22T13:36:46.566Z [logger!] info: Database is connected successfully
2025-12-22T13:36:46.572Z [logger!] info: Example app listening on port 5000
2025-12-22T13:36:51.918Z [logger!] info: Database is connected successfully
2025-12-22T13:36:51.923Z [logger!] info: Example app listening on port 5000
2025-12-22T13:36:54.628Z [logger!] info: Database is connected successfully
2025-12-22T13:36:54.633Z [logger!] info: Example app listening on port 5000
2025-12-22T14:05:05.827Z [logger!] info: Database is connected successfully
2025-12-22T14:05:05.846Z [logger!] info: Example app listening on port 5000
Mon Dec 22 2025 20:05:44 GMT+0600 (Bangladesh Standard Time) [logger!] info: Database is connected successfully
Mon Dec 22 2025 20:05:44 GMT+0600 (Bangladesh Standard Time) [logger!] info: Example app listening on port 5000
Mon Dec 22 2025 20:05:54 GMT+0600 (Bangladesh Standard Time) 20 [logger!] info: Database is connected successfully
Mon Dec 22 2025 20:05:54 GMT+0600 (Bangladesh Standard Time) 20 [logger!] info: Example app listening on port 5000
Mon Dec 22 2025 20:05:59 GMT+0600 (Bangladesh Standard Time) 20: [logger!] info: Database is connected successfully
Mon Dec 22 2025 20:05:59 GMT+0600 (Bangladesh Standard Time) 20: [logger!] info: Example app listening on port 5000
Mon Dec 22 2025 20:06:04 GMT+0600 (Bangladesh Standard Time) 20:6 [logger!] info: Database is connected successfully
Mon Dec 22 2025 20:06:04 GMT+0600 (Bangladesh Standard Time) 20:6 [logger!] info: Example app listening on port 5000
Mon Dec 22 2025 20:06:11 GMT+0600 (Bangladesh Standard Time) 20:6 [logger!] info: Database is connected successfully
Mon Dec 22 2025 20:06:11 GMT+0600 (Bangladesh Standard Time) 20:6 [logger!] info: Example app listening on port 5000
Mon Dec 22 2025 20:06:14 GMT+0600 (Bangladesh Standard Time) 20:6:14 [logger!] info: Database is connected successfully
Mon Dec 22 2025 20:06:14 GMT+0600 (Bangladesh Standard Time) 20:6:14 [logger!] info: Example app listening on port 5000
Mon Dec 22 2025 20:06:37 GMT+0600 (Bangladesh Standard Time) 20:6:37 [logger!] info: Database is connected successfully
Mon Dec 22 2025 20:06:37 GMT+0600 (Bangladesh Standard Time) 20:6:37 [logger!] info: Example app listening on port 5000
Mon Dec 22 2025 20:07:08 GMT+0600 (Bangladesh Standard Time) 20:7:8 [logger!] info: Database is connected successfully
Mon Dec 22 2025 20:07:08 GMT+0600 (Bangladesh Standard Time) 20:7:8 [logger!] info: Example app listening on port 5000
Mon Dec 22 2025 20:08:09 GMT+0600 (Bangladesh Standard Time) 20:8:9 [logger!] info: Database is connected successfully
Mon Dec 22 2025 20:08:09 GMT+0600 (Bangladesh Standard Time) 20:8:9 [logger!] info: Example app listening on port 5000
Mon Dec 22 2025 20:09:45 GMT+0600 (Bangladesh Standard Time) 20:9:45 [logger!] info: Database is connected successfully
Mon Dec 22 2025 20:09:45 GMT+0600 (Bangladesh Standard Time) 20:9:45 [logger!] info: Example app listening on port 5000
{
  message: 'Database is connected successfully',
  level: 'info',
  label: 'logger!',
  timestamp: '2025-12-22T14:09:59.413Z'
}
{
  message: 'Example app listening on port 5000',
  level: 'info',
  label: 'logger!',
  timestamp: '2025-12-22T14:09:59.420Z'
}
{
  message: 'Database is connected successfully',
  level: 'info',
  label: 'logger!',
  timestamp: '2025-12-22T14:10:12.832Z'
}
{
  message: 'Example app listening on port 5000',
  level: 'info',
  label: 'logger!',
  timestamp: '2025-12-22T14:10:12.839Z'
}
{
  message: 'Database is connected successfully',
  level: 'info',
  label: 'logger!',
  timestamp: '2025-12-22T14:10:19.032Z'
}
{
  message: 'Example app listening on port 5000',
  level: 'info',
  label: 'logger!',
  timestamp: '2025-12-22T14:10:19.038Z'
}
