{
  message: 'Database is connected successfully',
  level: 'info',
  label: 'logger!',
  timestamp: '2025-12-23T12:59:41.740Z'
}
{
  message: 'Example app listening on port 5000',
  level: 'info',
  label: 'logger!',
  timestamp: '2025-12-23T12:59:41.749Z'
}
{
  message: 'Database is connected successfully',
  level: 'info',
  label: 'logger!',
  timestamp: '2025-12-23T12:59:52.304Z'
}
{
  message: 'Example app listening on port 5000',
  level: 'info',
  label: 'logger!',
  timestamp: '2025-12-23T12:59:52.311Z'
}
