{
  message: 'Database is connected successfully',
  level: 'info',
  label: 'logger!',
  timestamp: '2026-01-01T06:19:38.639Z'
}
{
  message: 'Example app listening on port 5000',
  level: 'info',
  label: 'logger!',
  timestamp: '2026-01-01T06:19:38.646Z'
}
{
  message: 'Database is connected successfully',
  level: 'info',
  label: 'logger!',
  timestamp: '2026-01-01T06:19:42.042Z'
}
{
  message: 'Example app listening on port 5000',
  level: 'info',
  label: 'logger!',
  timestamp: '2026-01-01T06:19:42.046Z'
}
