{
  message: 'Database is connected successfully',
  level: 'info',
  label: 'logger!',
  timestamp: '2025-12-30T13:27:53.901Z'
}
{
  message: 'Example app listening on port 5000',
  level: 'info',
  label: 'logger!',
  timestamp: '2025-12-30T13:27:53.915Z'
}
{
  message: 'Database is connected successfully',
  level: 'info',
  label: 'logger!',
  timestamp: '2025-12-30T13:28:05.317Z'
}
{
  message: 'Example app listening on port 5000',
  level: 'info',
  label: 'logger!',
  timestamp: '2025-12-30T13:28:05.322Z'
}
{
  message: 'Database is connected successfully',
  level: 'info',
  label: 'logger!',
  timestamp: '2025-12-30T13:44:56.078Z'
}
{
  message: 'Example app listening on port 5000',
  level: 'info',
  label: 'logger!',
  timestamp: '2025-12-30T13:44:56.083Z'
}
{
  message: 'Database is connected successfully',
  level: 'info',
  label: 'logger!',
  timestamp: '2025-12-30T13:44:58.373Z'
}
{
  message: 'Example app listening on port 5000',
  level: 'info',
  label: 'logger!',
  timestamp: '2025-12-30T13:44:58.379Z'
}
{
  message: 'Database is connected successfully',
  level: 'info',
  label: 'logger!',
  timestamp: '2025-12-30T13:45:06.477Z'
}
{
  message: 'Example app listening on port 5000',
  level: 'info',
  label: 'logger!',
  timestamp: '2025-12-30T13:45:06.482Z'
}
{
  message: 'Database is connected successfully',
  level: 'info',
  label: 'logger!',
  timestamp: '2025-12-30T13:45:56.065Z'
}
{
  message: 'Example app listening on port 5000',
  level: 'info',
  label: 'logger!',
  timestamp: '2025-12-30T13:45:56.071Z'
}
{
  message: 'Database is connected successfully',
  level: 'info',
  label: 'logger!',
  timestamp: '2025-12-30T13:46:02.712Z'
}
{
  message: 'Example app listening on port 5000',
  level: 'info',
  label: 'logger!',
  timestamp: '2025-12-30T13:46:02.718Z'
}
{
  message: 'Database is connected successfully',
  level: 'info',
  label: 'logger!',
  timestamp: '2025-12-30T13:46:12.328Z'
}
{
  message: 'Example app listening on port 5000',
  level: 'info',
  label: 'logger!',
  timestamp: '2025-12-30T13:46:12.333Z'
}
{
  message: 'Database is connected successfully',
  level: 'info',
  label: 'logger!',
  timestamp: '2025-12-30T13:46:26.921Z'
}
{
  message: 'Example app listening on port 5000',
  level: 'info',
  label: 'logger!',
  timestamp: '2025-12-30T13:46:26.928Z'
}
{
  message: 'Database is connected successfully',
  level: 'info',
  label: 'logger!',
  timestamp: '2025-12-30T13:46:55.431Z'
}
{
  message: 'Example app listening on port 5000',
  level: 'info',
  label: 'logger!',
  timestamp: '2025-12-30T13:46:55.436Z'
}
{
  message: 'Database is connected successfully',
  level: 'info',
  label: 'logger!',
  timestamp: '2025-12-30T13:47:01.892Z'
}
{
  message: 'Example app listening on port 5000',
  level: 'info',
  label: 'logger!',
  timestamp: '2025-12-30T13:47:01.897Z'
}
{
  message: 'Database is connected successfully',
  level: 'info',
  label: 'logger!',
  timestamp: '2025-12-30T13:47:13.830Z'
}
{
  message: 'Example app listening on port 5000',
  level: 'info',
  label: 'logger!',
  timestamp: '2025-12-30T13:47:13.835Z'
}
{
  message: 'Database is connected successfully',
  level: 'info',
  label: 'logger!',
  timestamp: '2025-12-30T13:47:24.400Z'
}
{
  message: 'Example app listening on port 5000',
  level: 'info',
  label: 'logger!',
  timestamp: '2025-12-30T13:47:24.404Z'
}
{
  message: 'Database is connected successfully',
  level: 'info',
  label: 'logger!',
  timestamp: '2025-12-30T13:48:16.447Z'
}
{
  message: 'Example app listening on port 5000',
  level: 'info',
  label: 'logger!',
  timestamp: '2025-12-30T13:48:16.452Z'
}
{
  message: 'Database is connected successfully',
  level: 'info',
  label: 'logger!',
  timestamp: '2025-12-30T13:48:33.360Z'
}
{
  message: 'Example app listening on port 5000',
  level: 'info',
  label: 'logger!',
  timestamp: '2025-12-30T13:48:33.364Z'
}
{
  message: 'Database is connected successfully',
  level: 'info',
  label: 'logger!',
  timestamp: '2025-12-30T13:52:13.116Z'
}
{
  message: 'Example app listening on port 5000',
  level: 'info',
  label: 'logger!',
  timestamp: '2025-12-30T13:52:13.121Z'
}
{
  message: 'Database is connected successfully',
  level: 'info',
  label: 'logger!',
  timestamp: '2025-12-30T13:52:29.950Z'
}
{
  message: 'Example app listening on port 5000',
  level: 'info',
  label: 'logger!',
  timestamp: '2025-12-30T13:52:29.955Z'
}
{
  message: 'Database is connected successfully',
  level: 'info',
  label: 'logger!',
  timestamp: '2025-12-30T13:55:05.395Z'
}
{
  message: 'Example app listening on port 5000',
  level: 'info',
  label: 'logger!',
  timestamp: '2025-12-30T13:55:05.401Z'
}
{
  message: 'Database is connected successfully',
  level: 'info',
  label: 'logger!',
  timestamp: '2025-12-30T13:55:14.511Z'
}
{
  message: 'Example app listening on port 5000',
  level: 'info',
  label: 'logger!',
  timestamp: '2025-12-30T13:55:14.516Z'
}
{
  message: 'Database is connected successfully',
  level: 'info',
  label: 'logger!',
  timestamp: '2025-12-30T13:57:16.725Z'
}
{
  message: 'Example app listening on port 5000',
  level: 'info',
  label: 'logger!',
  timestamp: '2025-12-30T13:57:16.729Z'
}
{
  message: 'Database is connected successfully',
  level: 'info',
  label: 'logger!',
  timestamp: '2025-12-30T13:57:19.955Z'
}
{
  message: 'Example app listening on port 5000',
  level: 'info',
  label: 'logger!',
  timestamp: '2025-12-30T13:57:19.960Z'
}
{
  message: 'Database is connected successfully',
  level: 'info',
  label: 'logger!',
  timestamp: '2025-12-30T13:57:24.040Z'
}
{
  message: 'Example app listening on port 5000',
  level: 'info',
  label: 'logger!',
  timestamp: '2025-12-30T13:57:24.045Z'
}
{
  message: 'Database is connected successfully',
  level: 'info',
  label: 'logger!',
  timestamp: '2025-12-30T13:57:29.679Z'
}
{
  message: 'Example app listening on port 5000',
  level: 'info',
  label: 'logger!',
  timestamp: '2025-12-30T13:57:29.684Z'
}
{
  message: 'Database is connected successfully',
  level: 'info',
  label: 'logger!',
  timestamp: '2025-12-30T13:57:32.501Z'
}
{
  message: 'Example app listening on port 5000',
  level: 'info',
  label: 'logger!',
  timestamp: '2025-12-30T13:57:32.506Z'
}
{
  message: 'Database is connected successfully',
  level: 'info',
  label: 'logger!',
  timestamp: '2025-12-30T13:57:34.490Z'
}
{
  message: 'Example app listening on port 5000',
  level: 'info',
  label: 'logger!',
  timestamp: '2025-12-30T13:57:34.495Z'
}
{
  message: 'Database is connected successfully',
  level: 'info',
  label: 'logger!',
  timestamp: '2025-12-30T13:57:36.652Z'
}
{
  message: 'Example app listening on port 5000',
  level: 'info',
  label: 'logger!',
  timestamp: '2025-12-30T13:57:36.657Z'
}
{
  message: 'Database is connected successfully',
  level: 'info',
  label: 'logger!',
  timestamp: '2025-12-30T13:58:04.715Z'
}
{
  message: 'Example app listening on port 5000',
  level: 'info',
  label: 'logger!',
  timestamp: '2025-12-30T13:58:04.720Z'
}
{
  message: 'Database is connected successfully',
  level: 'info',
  label: 'logger!',
  timestamp: '2025-12-30T13:58:09.337Z'
}
{
  message: 'Example app listening on port 5000',
  level: 'info',
  label: 'logger!',
  timestamp: '2025-12-30T13:58:09.346Z'
}
