{
  message: 'Database is connected successfully',
  level: 'info',
  label: 'logger!',
  timestamp: '2026-01-01T09:09:47.707Z'
}
{
  message: 'Example app listening on port 5000',
  level: 'info',
  label: 'logger!',
  timestamp: '2026-01-01T09:09:47.713Z'
}
{
  message: 'Database is connected successfully',
  level: 'info',
  label: 'logger!',
  timestamp: '2026-01-01T09:11:22.546Z'
}
{
  message: 'Example app listening on port 5000',
  level: 'info',
  label: 'logger!',
  timestamp: '2026-01-01T09:11:22.551Z'
}
