{
  message: 'Database is connected successfully',
  level: 'info',
  label: 'logger!',
  timestamp: '2025-12-30T11:22:38.632Z'
}
{
  message: 'Example app listening on port 5000',
  level: 'info',
  label: 'logger!',
  timestamp: '2025-12-30T11:22:38.641Z'
}
{
  message: 'Database is connected successfully',
  level: 'info',
  label: 'logger!',
  timestamp: '2025-12-30T11:23:20.109Z'
}
{
  message: 'Example app listening on port 5000',
  level: 'info',
  label: 'logger!',
  timestamp: '2025-12-30T11:23:20.113Z'
}
{
  message: 'Database is connected successfully',
  level: 'info',
  label: 'logger!',
  timestamp: '2025-12-30T11:23:22.667Z'
}
{
  message: 'Example app listening on port 5000',
  level: 'info',
  label: 'logger!',
  timestamp: '2025-12-30T11:23:22.671Z'
}
{
  message: 'Database is connected successfully',
  level: 'info',
  label: 'logger!',
  timestamp: '2025-12-30T11:24:04.807Z'
}
{
  message: 'Example app listening on port 5000',
  level: 'info',
  label: 'logger!',
  timestamp: '2025-12-30T11:24:04.812Z'
}
{
  message: 'Database is connected successfully',
  level: 'info',
  label: 'logger!',
  timestamp: '2025-12-30T11:24:08.371Z'
}
{
  message: 'Example app listening on port 5000',
  level: 'info',
  label: 'logger!',
  timestamp: '2025-12-30T11:24:08.375Z'
}
{
  message: 'Database is connected successfully',
  level: 'info',
  label: 'logger!',
  timestamp: '2025-12-30T11:24:12.827Z'
}
{
  message: 'Example app listening on port 5000',
  level: 'info',
  label: 'logger!',
  timestamp: '2025-12-30T11:24:12.832Z'
}
{
  message: 'Database is connected successfully',
  level: 'info',
  label: 'logger!',
  timestamp: '2025-12-30T11:24:15.963Z'
}
{
  message: 'Example app listening on port 5000',
  level: 'info',
  label: 'logger!',
  timestamp: '2025-12-30T11:24:15.969Z'
}
{
  message: 'Database is connected successfully',
  level: 'info',
  label: 'logger!',
  timestamp: '2025-12-30T11:24:25.770Z'
}
{
  message: 'Example app listening on port 5000',
  level: 'info',
  label: 'logger!',
  timestamp: '2025-12-30T11:24:25.777Z'
}
{
  message: 'Database is connected successfully',
  level: 'info',
  label: 'logger!',
  timestamp: '2025-12-30T11:24:52.785Z'
}
{
  message: 'Example app listening on port 5000',
  level: 'info',
  label: 'logger!',
  timestamp: '2025-12-30T11:24:52.790Z'
}
{
  message: 'Database is connected successfully',
  level: 'info',
  label: 'logger!',
  timestamp: '2025-12-30T11:24:59.984Z'
}
{
  message: 'Example app listening on port 5000',
  level: 'info',
  label: 'logger!',
  timestamp: '2025-12-30T11:24:59.990Z'
}
{
  message: 'Database is connected successfully',
  level: 'info',
  label: 'logger!',
  timestamp: '2025-12-30T11:25:03.042Z'
}
{
  message: 'Example app listening on port 5000',
  level: 'info',
  label: 'logger!',
  timestamp: '2025-12-30T11:25:03.049Z'
}
{
  message: 'Database is connected successfully',
  level: 'info',
  label: 'logger!',
  timestamp: '2025-12-30T11:25:24.812Z'
}
{
  message: 'Example app listening on port 5000',
  level: 'info',
  label: 'logger!',
  timestamp: '2025-12-30T11:25:24.817Z'
}
{
  message: 'Database is connected successfully',
  level: 'info',
  label: 'logger!',
  timestamp: '2025-12-30T11:26:17.708Z'
}
{
  message: 'Example app listening on port 5000',
  level: 'info',
  label: 'logger!',
  timestamp: '2025-12-30T11:26:17.713Z'
}
{
  message: 'Database is connected successfully',
  level: 'info',
  label: 'logger!',
  timestamp: '2025-12-30T11:26:21.643Z'
}
{
  message: 'Example app listening on port 5000',
  level: 'info',
  label: 'logger!',
  timestamp: '2025-12-30T11:26:21.648Z'
}
{
  message: 'Database is connected successfully',
  level: 'info',
  label: 'logger!',
  timestamp: '2025-12-30T11:26:24.050Z'
}
{
  message: 'Example app listening on port 5000',
  level: 'info',
  label: 'logger!',
  timestamp: '2025-12-30T11:26:24.057Z'
}
{
  message: 'Database is connected successfully',
  level: 'info',
  label: 'logger!',
  timestamp: '2025-12-30T11:26:27.110Z'
}
{
  message: 'Example app listening on port 5000',
  level: 'info',
  label: 'logger!',
  timestamp: '2025-12-30T11:26:27.116Z'
}
{
  message: 'Database is connected successfully',
  level: 'info',
  label: 'logger!',
  timestamp: '2025-12-30T11:26:32.787Z'
}
{
  message: 'Example app listening on port 5000',
  level: 'info',
  label: 'logger!',
  timestamp: '2025-12-30T11:26:32.791Z'
}
{
  message: 'Database is connected successfully',
  level: 'info',
  label: 'logger!',
  timestamp: '2025-12-30T11:26:57.674Z'
}
{
  message: 'Example app listening on port 5000',
  level: 'info',
  label: 'logger!',
  timestamp: '2025-12-30T11:26:57.680Z'
}
{
  message: 'Database is connected successfully',
  level: 'info',
  label: 'logger!',
  timestamp: '2025-12-30T11:27:04.424Z'
}
{
  message: 'Example app listening on port 5000',
  level: 'info',
  label: 'logger!',
  timestamp: '2025-12-30T11:27:04.428Z'
}
